test	Run npm test	2026-08-31T12:42:10.9973283Z [2m Test Files [22m [1m[32m6 passed[39m[22m[90m (6)[39m
test	Run npm test	2026-08-31T12:42:10.9974610Z [2m      Tests [22m [1m[32m95 passed[39m[22m[90m (95)[39m
test	Run npm test	2026-08-31T12:42:10.9989855Z [2m   Start at [22m 12:40:54
test	Run npm test	2026-08-31T12:42:10.9994436Z [2m   Duration [22m 76.58s[2m (transform 288ms, setup 0ms, import 1.27s, tests 74.48s, environment 1ms)[22m
test	Run npm test	2026-08-31T12:42:10.9995368Z 
test	Post Run actions/setup-node@v4	﻿2026-08-31T12:42:11.0447114Z Node 20 is being deprecated. This workflow is running with Node 24 by default. If you need to temporarily use Node 20, you can set the ACTIONS_ALLOW_USE_UNSECURE_NODE_VERSION=true environment variable. For more information see: https://github.blog/changelog/2025-09-19-deprecation-of-node-20-on-github-actions-runners/
test	Post Run actions/setup-node@v4	2026-08-31T12:42:11.0448397Z Post job cleanup.
test	Post Run actions/setup-node@v4	2026-08-31T12:42:11.1724708Z (node:2800) [DEP0040] DeprecationWarning: The `punycode` module is deprecated. Please use a userland alternative instead.
test	Post Run actions/setup-node@v4	2026-08-31T12:42:11.1726113Z (Use `node --trace-deprecation ...` to show where the warning was created)
test	Post Run actions/setup-node@v4	2026-08-31T12:42:11.2076083Z [command]/usr/bin/tar --posix -cf cache.tzst --exclude cache.tzst -P -C /home/runner/work/minidiscord/minidiscord --files-from manifest.txt --use-compress-program zstdmt
test	Post Run actions/setup-node@v4	2026-08-31T12:42:11.5787872Z (node:2800) [DEP0169] DeprecationWarning: `url.parse()` behavior is not standardized and prone to errors that have security implications. Use the WHATWG URL API instead. CVEs are not issued for `url.parse()` vulnerabilities.
test	Post Run actions/setup-node@v4	2026-08-31T12:42:12.5693449Z Sent 63676240 of 63676240 (100.0%), 60.7 MBs/sec
test	Post Run actions/setup-node@v4	2026-08-31T12:42:12.8644796Z Cache saved with the key: node-cache-Linux-x64-npm-a642e4cff980372c1f042bbc4bcf02c2c4dda416a523546d106b4bdc85fef936
test	Post Run actions/checkout@v4	﻿2026-08-31T12:42:12.8841251Z Node 20 is being deprecated. This workflow is running with Node 24 by default. If you need to temporarily use Node 20, you can set the ACTIONS_ALLOW_USE_UNSECURE_NODE_VERSION=true environment variable. For more information see: https://github.blog/changelog/2025-09-19-deprecation-of-node-20-on-github-actions-runners/
test	Post Run actions/checkout@v4	2026-08-31T12:42:12.8842524Z Post job cleanup.
test	Post Run actions/checkout@v4	2026-08-31T12:42:12.9824702Z [command]/usr/bin/git version
test	Post Run actions/checkout@v4	2026-08-31T12:42:12.9887520Z git version 2.55.0
test	Post Run actions/checkout@v4	2026-08-31T12:42:12.9954537Z Temporarily overriding HOME='/home/runner/work/_temp/d03c9e6e-638b-44b6-b31e-694baa99a74a' before making global git config changes
test	Post Run actions/checkout@v4	2026-08-31T12:42:12.9958423Z Adding repository directory to the temporary git global config as a safe directory
test	Post Run actions/checkout@v4	2026-08-31T12:42:12.9968514Z [command]/usr/bin/git config --global --add safe.directory /home/runner/work/minidiscord/minidiscord
test	Post Run actions/checkout@v4	2026-08-31T12:42:13.0030005Z [command]/usr/bin/git config --local --name-only --get-regexp core\.sshCommand
test	Post Run actions/checkout@v4	2026-08-31T12:42:13.0091239Z [command]/usr/bin/git submodule foreach --recursive sh -c "git config --local --name-only --get-regexp 'core\.sshCommand' && git config --local --unset-all 'core.sshCommand' || :"
test	Post Run actions/checkout@v4	2026-08-31T12:42:13.0415688Z [command]/usr/bin/git config --local --name-only --get-regexp http\.https\:\/\/github\.com\/\.extraheader
test	Post Run actions/checkout@v4	2026-08-31T12:42:13.0450510Z http.https://github.com/.extraheader
test	Post Run actions/checkout@v4	2026-08-31T12:42:13.0471110Z [command]/usr/bin/git config --local --unset-all http.https://github.com/.extraheader
test	Post Run actions/checkout@v4	2026-08-31T12:42:13.0551302Z [command]/usr/bin/git submodule foreach --recursive sh -c "git config --local --name-only --get-regexp 'http\.https\:\/\/github\.com\/\.extraheader' && git config --local --unset-all 'http.https://github.com/.extraheader' || :"
test	Post Run actions/checkout@v4	2026-08-31T12:42:13.0961446Z [command]/usr/bin/git config --local --name-only --get-regexp ^includeIf\.gitdir:
test	Post Run actions/checkout@v4	2026-08-31T12:42:13.1064500Z [command]/usr/bin/git submodule foreach --recursive git config --local --show-origin --name-only --get-regexp remote.origin.url
test	Complete job	﻿2026-08-31T12:42:13.1788579Z Cleaning up orphan processes
test	Complete job	2026-08-31T12:42:13.2102877Z ##[warning]Node.js 20 is deprecated. The following actions target Node.js 20 but are being forced to run on Node.js 24: actions/checkout@v4, actions/setup-node@v4. For more information see: https://github.blog/changelog/2025-09-19-deprecation-of-node-20-on-github-actions-runners/
